Started HTTP and WebSocket JSON-RPC server at http://127.0.0.1:8545/

Accounts
========

WARNING: Funds sent on live network to accounts with publicly known private keys WILL BE LOST.

Account #0:  0xf39fd6e51aad88f6f4ce6ab8827279cfffb92266 (10000 ETH)
Private Key: 0xac0974bec39a17e36ba4a6b4d238ff944bacb478cbed5efcae784d7bf4f2ff80

Account #1:  0x70997970c51812dc3a010c7d01b50e0d17dc79c8 (10000 ETH)
Private Key: 0x59c6995e998f97a5a0044966f0945389dc9e86dae88c7a8412f4603b6b78690d

Account #2:  0x3c44cdddb6a900fa2b585dd299e03d12fa4293bc (10000 ETH)
Private Key: 0x5de4111afa1a4b94908f83103eb1f1706367c2e68ca870fc3fb9a804cdab365a

Account #3:  0x90f79bf6eb2c4f870365e785982e1f101e93b906 (10000 ETH)
Private Key: 0x7c852118294e51e653712a81e05800f419141751be58f605c371e15141b007a6

Account #4:  0x15d34aaf54267db7d7c367839aaf71a00a2c6a65 (10000 ETH)
Private Key: 0x47e179ec197488593b187f80a00eb0da91f1b9d0b13f8733639f19c30a34926a

Account #5:  0x9965507d1a55bcc2695c58ba16fb37d819b0a4dc (10000 ETH)
Private Key: 0x8b3a350cf5c34c9194ca85829a2df0ec3153be0318b5e2d3348e872092edffba

Account #6:  0x976ea74026e726554db657fa54763abd0c3a0aa9 (10000 ETH)
Private Key: 0x92db14e403b83dfe3df233f83dfa3a0d7096f21ca9b0d6d6b8d88b2b4ec1564e

Account #7:  0x14dc79964da2c08b23698b3d3cc7ca32193d9955 (10000 ETH)
Private Key: 0x4bbbf85ce3377467afe5d46f804f221813b2bb87f24d81f60f1fcdbf7cbf4356

Account #8:  0x23618e81e3f5cdf7f54c3d65f7fbc0abf5b21e8f (10000 ETH)
Private Key: 0xdbda1821b80551c9d65939329250298aa3472ba22feea921c0cf5d620ea67b97

Account #9:  0xa0ee7a142d267c1f36714e4a8f75612f20a79720 (10000 ETH)
Private Key: 0x2a871d0798f97d79848a013d4936a73bf4cc922c825d33c1cf7073dff6d409c6

Account #10: 0xbcd4042de499d14e55001ccbb24a551f3b954096 (10000 ETH)
Private Key: 0xf214f2b2cd398c806f84e317254e0f0b801d0643303237d97a22a48e01628897

Account #11: 0x71be63f3384f5fb98995898a86b02fb2426c5788 (10000 ETH)
Private Key: 0x701b615bbdfb9de65240bc28bd21bbc0d996645a3dd57e7b12bc2bdf6f192c82

Account #12: 0xfabb0ac9d68b0b445fb7357272ff202c5651694a (10000 ETH)
Private Key: 0xa267530f49f8280200edf313ee7af6b827f2a8bce2897751d06a843f644967b1

Account #13: 0x1cbd3b2770909d4e10f157cabc84c7264073c9ec (10000 ETH)
Private Key: 0x47c99abed3324a2707c28affff1267e45918ec8c3f20b8aa892e8b065d2942dd

Account #14: 0xdf3e18d64bc6a983f673ab319ccae4f1a57c7097 (10000 ETH)
Private Key: 0xc526ee95bf44d8fc405a158bb884d9d1238d99f0612e9f33d006bb0789009aaa

Account #15: 0xcd3b766ccdd6ae721141f452c550ca635964ce71 (10000 ETH)
Private Key: 0x8166f546bab6da521a8369cab06c5d2b9e46670292d85c875ee9ec20e84ffb61

Account #16: 0x2546bcd3c84621e976d8185a91a922ae77ecec30 (10000 ETH)
Private Key: 0xea6c44ac03bff858b476bba40716402b03e41b8e97e276d1baec7c37d42484a0

Account #17: 0xbda5747bfd65f08deb54cb465eb87d40e51b197e (10000 ETH)
Private Key: 0x689af8efa8c651a91ad287602527f3af2fe9f6501a7ac4b061667b5a93e037fd

Account #18: 0xdd2fd4581271e230360230f9337d5c0430bf44c0 (10000 ETH)
Private Key: 0xde9be858da4a475276426320d5e9262ecfc3ba460bfac56360bfa6c4c28b4ee0

Account #19: 0x8626f6940e2eb28930efb4cef49b2d1f2c9c1199 (10000 ETH)
Private Key: 0xdf57089febbacf7ba0bc227dafbffa9fc08a93fdc68e1e42411a14efcf23656e

WARNING: Funds sent on live network to accounts with publicly known private keys WILL BE LOST.

[32meth_chainId[0m
[32mhardhat_metadata[0m
[32meth_accounts[0m
[32meth_chainId[0m
[32meth_getBlockByNumber[0m
[32meth_feeHistory[0m
[32meth_maxPriorityFeePerGas[0m
[32meth_estimateGas[0m
[32meth_sendTransaction[0m
  Contract deployment: Chama
  Contract address:    0x5fbdb2315678afecb367f032d93f642f64180aa3
  Transaction:         0xa2d49d3d5efb44d5d58980bfdca32e5265e39188c37ef345335baf34e914c56b
  From:                0xf39fd6e51aad88f6f4ce6ab8827279cfffb92266
  Value:               0 ETH
  Gas used:            662201 of 662201
  Block #1:            0xbedcc2fa0feedafa58427e37eb1b00a751bcb744ea103b0561730ae02d01f8e5

[32meth_getTransactionReceipt[0m
[32meth_chainId[0m
[32meth_feeHistory[0m
[32meth_estimateGas[0m
[32meth_sendTransaction[0m
  Contract call:       Chama#deposit
  Transaction:         0xdc88ae9cd0069c0cc72e36be4c33bd509ff9c77dd4cbb39d7d3f2c61523c3f75
  From:                0x70997970c51812dc3a010c7d01b50e0d17dc79c8
  To:                  0x5fbdb2315678afecb367f032d93f642f64180aa3
  Value:               2. ETH
  Gas used:            67525 of 67525
  Block #2:            0x69e8391e99c244b2c34be44860b543dfc93ba702db5f23566aa4ac779e44d3f9

[32meth_getTransactionReceipt[0m
[32meth_chainId[0m
[32meth_feeHistory[0m
[32meth_estimateGas[0m
[32meth_sendTransaction[0m
  Contract call:       Chama#deposit
  Transaction:         0xd6502667377017707e7356126ee3bf507c1e3988757b70c328379ea0a91659e4
  From:                0x3c44cdddb6a900fa2b585dd299e03d12fa4293bc
  To:                  0x5fbdb2315678afecb367f032d93f642f64180aa3
  Value:               1. ETH
  Gas used:            50425 of 50425
  Block #3:            0x7fef7180722b8fa5d0abc601966f626500821ffeec7809666d8417c343bfffcb

[32meth_getTransactionReceipt[0m
[32meth_chainId[0m
[32meth_feeHistory[0m
[32meth_estimateGas[0m
[32meth_sendTransaction[0m
  Contract call:       Chama#transferTo
  Transaction:         0x67733c49eadd0d2aada8203cb00266ef484c4772215fefc2986f5199abcf99b3
  From:                0x70997970c51812dc3a010c7d01b50e0d17dc79c8
  To:                  0x5fbdb2315678afecb367f032d93f642f64180aa3
  Value:               0 ETH
  Gas used:            34961 of 34961
  Block #4:            0x27f12849fe08a2fd39be155b7344d8aaacfa4ad329d87a597eb4f26d4d6860ef

[32meth_getTransactionReceipt[0m
[32meth_chainId[0m
[32meth_feeHistory[0m
[32meth_estimateGas[0m
[32meth_sendTransaction[0m
  Contract call:       Chama#withdraw
  Transaction:         0xd59c5ab9ca4294c2df27ff1f06495b9ca597b7c61f28fddf22870deb627e17f6
  From:                0x3c44cdddb6a900fa2b585dd299e03d12fa4293bc
  To:                  0x5fbdb2315678afecb367f032d93f642f64180aa3
  Value:               0 ETH
  Gas used:            41006 of 41807
  Block #5:            0x3272feb9588f0ee4501669e23bbf990e2d478fb6250b12b4f27cf25c71214f62

[32meth_getTransactionReceipt[0m
[32meth_accounts[0m
[32meth_call[0m
  Contract call:       Chama#balances
  From:                0xf39fd6e51aad88f6f4ce6ab8827279cfffb92266
  To:                  0x5fbdb2315678afecb367f032d93f642f64180aa3

[32meth_call[0m
  Contract call:       Chama#balances
  From:                0xf39fd6e51aad88f6f4ce6ab8827279cfffb92266
  To:                  0x5fbdb2315678afecb367f032d93f642f64180aa3

[32meth_call[0m
  Contract call:       Chama#totalSavings
  From:                0xf39fd6e51aad88f6f4ce6ab8827279cfffb92266
  To:                  0x5fbdb2315678afecb367f032d93f642f64180aa3

[32meth_call[0m
  Contract call:       Chama#contractBalance
  From:                0xf39fd6e51aad88f6f4ce6ab8827279cfffb92266
  To:                  0x5fbdb2315678afecb367f032d93f642f64180aa3

[32meth_chainId[0m
[32meth_feeHistory[0m
[31meth_estimateGas[0m
  Contract call:       Chama#withdraw
  From:                0x70997970c51812dc3a010c7d01b50e0d17dc79c8
  To:                  0x5fbdb2315678afecb367f032d93f642f64180aa3
  Value:               0 ETH

  Error: VM Exception while processing transaction: reverted with an unrecognized custom error (return data: 0xcf4791810000000000000000000000000000000000000000000000056bc75e2d6310000000000000000000000000000000000000000000000000000014d1120d7b160000)

[32meth_getLogs[0m
[32meth_getLogs (2)[0m
[32meth_getLogs (3)[0m
[32meth_chainId[0m
[32meth_feeHistory[0m
[32meth_estimateGas[0m
[32meth_sendTransaction[0m
  Contract deployment: HoneyTrace
  Contract address:    0xe7f1725e7734ce288f8367e1bb143e90bb3f0512
  Transaction:         0x0bb44e67b3df94442acadcb8f1c8e94f62909377261b8f27df606c745ad77748
  From:                0xf39fd6e51aad88f6f4ce6ab8827279cfffb92266
  Value:               0 ETH
  Gas used:            1060278 of 1060278
  Block #6:            0xda7171f73bcbde09425ce083e871d1b3475714779f010ae5659ef642b0d57e15

[32meth_getTransactionReceipt[0m
[32meth_chainId[0m
[32meth_feeHistory[0m
[32meth_estimateGas[0m
[32meth_sendTransaction[0m
  Contract call:       HoneyTrace#addHandler
  Transaction:         0xf82c47b81b4cabe59f8089c0420bb637f9f0c07150ed1a7ea0221f64dcb6bf54
  From:                0xf39fd6e51aad88f6f4ce6ab8827279cfffb92266
  To:                  0xe7f1725e7734ce288f8367e1bb143e90bb3f0512
  Value:               0 ETH
  Gas used:            47530 of 47530
  Block #7:            0x086905fc3da0dee9beee152d643cb81f3fb2ffda035fd07008e7e3d4e0a9566d

[32meth_getTransactionReceipt[0m
[32meth_chainId[0m
[32meth_feeHistory[0m
[32meth_estimateGas[0m
[32meth_sendTransaction[0m
  Contract call:       HoneyTrace#createBatch
  Transaction:         0x909987b63644d5e0657cb57ebc5717bee0668f99da57a30b8909c8dc2615e832
  From:                0xf39fd6e51aad88f6f4ce6ab8827279cfffb92266
  To:                  0xe7f1725e7734ce288f8367e1bb143e90bb3f0512
  Value:               0 ETH
  Gas used:            146972 of 146972
  Block #8:            0x661348f82772fedf9e69ea32473b6faf997db460b5d806bdd25eba7b2541918a

[32meth_getTransactionReceipt[0m
[32meth_chainId[0m
[32meth_feeHistory[0m
[32meth_estimateGas[0m
[32meth_sendTransaction[0m
  Contract call:       HoneyTrace#advanceStage
  Transaction:         0xd57cf3c46f727cddf49b3e61a47557b08fe7105e75f9b8e4580aaeef90be35c7
  From:                0x70997970c51812dc3a010c7d01b50e0d17dc79c8
  To:                  0xe7f1725e7734ce288f8367e1bb143e90bb3f0512
  Value:               0 ETH
  Gas used:            39830 of 39830
  Block #9:            0x7a35e6f980cb7a87ea2a34a0a4dddec552443fe2d3603df41c7c985e273faa98

[32meth_getTransactionReceipt[0m
[32meth_chainId[0m
[32meth_feeHistory[0m
[32meth_estimateGas[0m
[32meth_sendTransaction[0m
  Contract call:       HoneyTrace#advanceStage
  Transaction:         0x6dc0e2e818c57455d13708ab8c65d317e2660e84843a7e50f344755818c73bc3
  From:                0xf39fd6e51aad88f6f4ce6ab8827279cfffb92266
  To:                  0xe7f1725e7734ce288f8367e1bb143e90bb3f0512
  Value:               0 ETH
  Gas used:            39830 of 39830
  Block #10:           0x067782472ad0b899db94938a1f3b806a3e8050440ccc62180625fbf37aab4f47

[32meth_getTransactionReceipt[0m
[32meth_chainId[0m
[32meth_feeHistory[0m
[31meth_estimateGas[0m
  Contract call:       HoneyTrace#advanceStage
  From:                0x3c44cdddb6a900fa2b585dd299e03d12fa4293bc
  To:                  0xe7f1725e7734ce288f8367e1bb143e90bb3f0512
  Value:               0 ETH

  Error: VM Exception while processing transaction: reverted with an unrecognized custom error (return data: 0x7454ea0b0000000000000000000000003c44cdddb6a900fa2b585dd299e03d12fa4293bc)

[32meth_getLogs[0m
